2026-09-27 17:45:58.742: [INFO] CurrentProfilePath: C:\project\e_commerce\.metadata\.plugins\org.eclipse.swt\EBWebView\Default
2026-09-27 17:45:58.742: [INFO] Profiles total count: 1
2026-09-27 17:45:58.742: [INFO] Profile: name=Profile 1 path=C:\project\e_commerce\.metadata\.plugins\org.eclipse.swt\EBWebView\Default lastActive=null
2026-09-27 17:45:58.742: [INFO] LastUsedProfileDir: C:\project\e_commerce\.metadata\.plugins\org.eclipse.swt\EBWebView\Default
2026-09-27 17:45:58.742: [INFO] OnDoneLoading sync enabled: 0
2026-09-27 17:45:58.742: [INFO] BookmarkModelLoaded, ids_reassigned: 0
2026-09-27 17:45:58.742: [INFO] BookmarksLoadDropped droppedNodes=0
2026-09-27 17:45:58.742: [INFO] BookmarksSnapshot Startup total=0 bar=0 other=0 mobile=0 showBar=0 showBarNTP=1
2026-09-27 18:04:28.723: [INFO] BookmarksSnapshot Shutdown total=0 bar=0 other=0 mobile=0 showBar=0 showBarNTP=1
2026-09-28 14:21:34.680: [INFO] CurrentProfilePath: C:\project\e_commerce\.metadata\.plugins\org.eclipse.swt\EBWebView\Default
2026-09-28 14:21:34.680: [INFO] Profiles total count: 1
2026-09-28 14:21:34.680: [INFO] Profile: name=Profile 1 path=C:\project\e_commerce\.metadata\.plugins\org.eclipse.swt\EBWebView\Default lastActive=null
2026-09-28 14:21:34.680: [INFO] LastUsedProfileDir: C:\project\e_commerce\.metadata\.plugins\org.eclipse.swt\EBWebView\Default
2026-09-28 14:21:34.680: [INFO] OnDoneLoading sync enabled: 0
2026-09-28 14:21:34.680: [INFO] BookmarkModelLoaded, ids_reassigned: 0
2026-09-28 14:21:34.680: [INFO] BookmarksLoadDropped droppedNodes=0
2026-09-28 14:21:34.680: [INFO] BookmarksSnapshot Startup total=0 bar=0 other=0 mobile=0 showBar=0 showBarNTP=1
2026-09-28 14:55:23.065: [INFO] BookmarksSnapshot Shutdown total=0 bar=0 other=0 mobile=0 showBar=0 showBarNTP=1
2026-09-30 10:27:50.032: [INFO] CurrentProfilePath: C:\project\e_commerce\.metadata\.plugins\org.eclipse.swt\EBWebView\Default
2026-09-30 10:27:50.032: [INFO] Profiles total count: 1
2026-09-30 10:27:50.032: [INFO] Profile: name=Profile 1 path=C:\project\e_commerce\.metadata\.plugins\org.eclipse.swt\EBWebView\Default lastActive=null
2026-09-30 10:27:50.032: [INFO] LastUsedProfileDir: C:\project\e_commerce\.metadata\.plugins\org.eclipse.swt\EBWebView\Default
2026-09-30 10:27:50.032: [INFO] OnDoneLoading sync enabled: 0
2026-09-30 10:27:50.032: [INFO] BookmarkModelLoaded, ids_reassigned: 0
2026-09-30 10:27:50.032: [INFO] BookmarksLoadDropped droppedNodes=0
2026-09-30 10:27:50.032: [INFO] BookmarksSnapshot Startup total=0 bar=0 other=0 mobile=0 showBar=0 showBarNTP=1
2026-09-30 11:15:03.682: [INFO] BookmarksSnapshot Shutdown total=0 bar=0 other=0 mobile=0 showBar=0 showBarNTP=1
2026-09-30 11:19:43.214: [INFO] CurrentProfilePath: C:\project\e_commerce\.metadata\.plugins\org.eclipse.swt\EBWebView\Default
2026-09-30 11:19:43.214: [INFO] Profiles total count: 1
2026-09-30 11:19:43.214: [INFO] Profile: name=Profile 1 path=C:\project\e_commerce\.metadata\.plugins\org.eclipse.swt\EBWebView\Default lastActive=null
2026-09-30 11:19:43.214: [INFO] LastUsedProfileDir: C:\project\e_commerce\.metadata\.plugins\org.eclipse.swt\EBWebView\Default
2026-09-30 11:19:43.214: [INFO] OnDoneLoading sync enabled: 0
2026-09-30 11:19:43.214: [INFO] BookmarkModelLoaded, ids_reassigned: 0
2026-09-30 11:19:43.214: [INFO] BookmarksLoadDropped droppedNodes=0
2026-09-30 11:19:43.214: [INFO] BookmarksSnapshot Startup total=0 bar=0 other=0 mobile=0 showBar=0 showBarNTP=1
2026-09-30 11:24:56.686: [INFO] BookmarksSnapshot Shutdown total=0 bar=0 other=0 mobile=0 showBar=0 showBarNTP=1
2026-09-30 13:16:02.722: [INFO] CurrentProfilePath: C:\project\e_commerce\.metadata\.plugins\org.eclipse.swt\EBWebView\Default
2026-09-30 13:16:02.722: [INFO] Profiles total count: 1
2026-09-30 13:16:02.722: [INFO] Profile: name=Profile 1 path=C:\project\e_commerce\.metadata\.plugins\org.eclipse.swt\EBWebView\Default lastActive=null
2026-09-30 13:16:02.722: [INFO] LastUsedProfileDir: C:\project\e_commerce\.metadata\.plugins\org.eclipse.swt\EBWebView\Default
2026-09-30 13:16:02.722: [INFO] OnDoneLoading sync enabled: 0
2026-09-30 13:16:02.722: [INFO] BookmarkModelLoaded, ids_reassigned: 0
2026-09-30 13:16:02.722: [INFO] BookmarksLoadDropped droppedNodes=0
2026-09-30 13:16:02.722: [INFO] BookmarksSnapshot Startup total=0 bar=0 other=0 mobile=0 showBar=0 showBarNTP=1
2026-09-30 13:58:24.502: [INFO] BookmarksSnapshot Shutdown total=0 bar=0 other=0 mobile=0 showBar=0 showBarNTP=1
